package main

import (
	"errors"
	"fmt"
)

func main() {
	err := errors.New("value out of range")
	fmt.Println(err)
}
